// Jest Snapshot v1, https://goo.gl/fbAQLP

exports[`Profile Snapshot 1`] = `
<div
  className="profile"
  style={
    Object {
      "background": "white",
      "padding": "90px 35px",
      "width": "450px",
    }
  }
>
  <h2>
    Profile
  </h2>
</div>
`;
